
Replacement rules for the party names

== ANTYPARTIA ==
    KOMITET WYBORCZY ANTYPARTIA
== ARS ==
    8 - ARS
== AWSP ==
    2 - AWSP
== BEZPARTYJNI ==
    9 - Komitet Wyborczy Wyborców JOW Bezpartyjni
== BIS ==
    KOMITET WYBORCZY WYBORCÓW KOALICJA BEZPARTYJNI I SAMORZĄDOWCY - ZPOW-601-10/19
== BRAUN ==
    14 - Komitet Wyborczy Wyborców Grzegorza Brauna „Szczęść Boże!”
== BS ==
    KOMITET WYBORCZY BEZPARTYJNI SAMORZĄDOWCY
== CENTRUM ==
    11 - Centrum
== DIP ==
    KOMITET WYBORCZY WYBORCÓW RUCHU DOBROBYTU I POKOJU
== DO ==
    17 - Dom Ojczysty
== GIP ==
    14 - Polska Konfederacja - Godność i Praca
== IRP ==
    16 - Inicjatywa RP
== KONFEDERACJA ==
    KOMITET WYBORCZY KONFEDERACJA WOLNOŚĆ I NIEPODLEGŁOŚĆ - ZPOW-601-5/19
    KOMITET WYBORCZY KONFEDERACJA WOLNOŚĆ I NIEPODLEGŁOŚĆ
== KORWIN ==
    4 - Komitet Wyborczy KORWiN
== KUKIZ ==
    7 - Komitet Wyborczy Wyborców „Kukiz'15”
== LEWICA ==
    6 - Koalicyjny Komitet Wyborczy Zjednoczona Lewica SLD+TR+PPS+UP+Zieloni
    KOMITET WYBORCZY NOWA LEWICA
== LID ==
    20 - Lewica i DemokraciD
== LIROY ==
    KOMITET WYBORCZY SKUTECZNI PIOTRA LIROYA-MARCA - ZPOW-601-17/19
== LPR ==
    10 - LPR
    3 - Liga Polskich Rodzin
== MN ==
    11 - MnN
    19 - Mniejszość Niemiecka
    Komitet Wyborczy Wyborców Mniejszość Niemiecka
    16 - Komitet Wyborczy Wyborców Mniejszość Niemiecka
    KOMITET WYBORCZY WYBORCÓW MNIEJSZOŚĆ NIEMIECKA - ZPOW-601-15/19
    KOMITET WYBORCZY WYBORCÓW MNIEJSZOŚĆ NIEMIECKA
== MNS ==
    19 - Mniejszość Niemiecka Śląska
== NK ==
    KOMITET WYBORCZY NORMALNY KRAJ
== NMNGSL ==
    15 - NMnGŚl
== NOP ==
    18 - Narodowe Odrodzenie Polski
== NOWOCZESNA ==
    8 - Komitet Wyborczy Nowoczesna Ryszarda Petru
== NP ==
    Komitet Wyborczy Nowa Prawica - Janusza Korwin-Mikke
== ODP ==
    16 - Komitet Wyborczy Wyborców Obywatele do Parlamentu
== OKO ==
    13 - Ogólnopolska Koalicja Obywatelska O.K.O.
== PATRIOTYCZNY ==
    1 - Ruch Patriotyczny
== PD ==
    4 - Partia Demokratyczna
== PIS ==
    5 - "PiS"
    6 - Prawo i Sprawiedliwość
    Komitet Wyborczy Prawo i Sprawiedliwość
    1 - Komitet Wyborczy Prawo i Sprawiedliwość
    KOMITET WYBORCZY PRAWO I SPRAWIEDLIWOŚĆ - ZPOW-601-9/19
    KOMITET WYBORCZY PRAWO I SPRAWIEDLIWOŚĆ
== PJJ ==
    KOMITET WYBORCZY POLSKA JEST JEDNA
== PJN ==
    Komitet Wyborczy Polska Jest Najważniejsza
== PK ==
    21 - Patia Kobiet
== PKM ==
    12 - Platforma Janusza Korwin-Mikke
== PO ==
    7 - PO
    8 - Platforma Obywatelska
    Komitet Wyborczy Platforma Obywatelska RP
    2 - Komitet Wyborczy Platforma Obywatelska RP
    KOALICYJNY KOMITET WYBORCZY KOALICJA OBYWATELSKA PO .N IPL ZIELONI - ZPOW-601-6/19
    KOALICYJNY KOMITET WYBORCZY KOALICJA OBYWATELSKA PO .N IPL ZIELONI
== PPN ==
    9 - Polska Partia Narodowa
== PPP ==
    2 - Polska Partia Pracy
    Komitet Wyborczy Polska Partia Pracy - Sierpień 80
== PPS ==
    14 - PPS
== PRAWICA ==
    Komitet Wyborczy Prawica
    15 - Komitet Wyborczy Kongres Nowej Prawicy
    KOMITET WYBORCZY PRAWICA - ZPOW-601-20/19
== PSL ==
    6 - PSL
    10 - Polskie Stronnictwo Ludowe
    Komitet Wyborczy Polskie Stronnictwo Ludowe
    5 - Komitet Wyborczy Polskie Stronnictwo Ludowe
    KOMITET WYBORCZY POLSKIE STRONNICTWO LUDOWE - ZPOW-601-19/19
== PUG ==
    13 - PUG
== PWN ==
    9 - PWN
== RAZEM ==
    3 - Komitet Wyborczy Partia Razem
== RNP ==
    KOMITET WYBORCZY RUCH NAPRAWY POLSKI
== RP ==
    Komitet Wyborczy Ruch Palikota
== RSRP ==
    11 - Komitet Wyborczy Wyborców  Ruch Społeczny Rzeczypospolitej Polskiej
== SAMOOBRONA ==
    4 - Samoobrona
    15 - Samoobrona RP
    15 - Samoobrona
    Komitet Wyborczy Nasz Dom Polska-Samoobrona Andrzeja Leppera
    13 - Komitet Wyborczy Samoobrona
== SD ==
    5 - Socjaldemokracja Polska
== SLD ==
    7 - Sojusz Lewicy Demokratycznej
    Komitet Wyborczy Sojusz Lewicy Demokratycznej
    KOMITET WYBORCZY SOJUSZ LEWICY DEMOKRATYCZNEJ - ZPOW-601-1/19
== SLDUP ==
    1 - SLD-UP
== SPATRIOTYCZNA ==
    22 - Samoobrona Patriotyczna
== SPRACY ==
    19 - Stronnictwo Pracy
== SR ==
    19 - Społeczni Ratownicy
== STONOGA ==
    10 - Komitet Wyborczy Wyborców Zbigniewa Stonogi
== TD ==
    KOALICYJNY KOMITET WYBORCZY TRZECIA DROGA POLSKA 2050 SZYMONA HOŁOWNI - POLSKIE STRONNICTWO LUDOWE
== UW ==
    3 - UW
== ZDŚ ==
    12 - Komitet Wyborczy Wyborców Zjednoczeni dla Śląska
== ZER ==
    KOMITET WYBORCZY AKCJA ZAWIEDZIONYCH EMERYTÓW RENCISTÓW - ZPOW-601-21/19

Parsing raw datasets

Parsing file: poland__sejm__2023_10_15.csv
+ TERYT Powiatu
  Powiat
  Województwo
  Nr okręgu
  Liczba komisji
  Liczba uwzględnionyc...
  Komisja otrzymała ka...
+ Liczba wyborców upra...
  Nie wykorzystano kar...
+ Liczba wyborców, któ...
  Liczba wyborców, któ...
  Liczba wyborców, któ...
  Liczba wyborców głos...
  Liczba wyborców głos...
  Liczba otrzymanych k...
  Liczba kopert zwrotn...
  Liczba kopert zwrotn...
  Liczba kopert zwrotn...
  Liczba kopert zwrotn...
  Liczba kopert na kar...
  Liczba kart wyjętych...
  W tym liczba kart wy...
  Liczba kart nieważny...
  Liczba kart ważnych
  Liczba głosów nieważ...
  W tym z powodu posta...
  W tym z powodu niepo...
  W tym z powodu posta...
  Liczba głosów ważnyc...
+ KOMITET WYBORCZY BEZ...
+ KOALICYJNY KOMITET W...
+ KOMITET WYBORCZY NOW...
+ KOMITET WYBORCZY PRA...
+ KOMITET WYBORCZY KON...
+ KOALICYJNY KOMITET W...
+ KOMITET WYBORCZY POL...
+ KOMITET WYBORCZY WYB...
+ KOMITET WYBORCZY NOR...
+ KOMITET WYBORCZY ANT...
+ KOMITET WYBORCZY RUC...
+ KOMITET WYBORCZY WYB...
Check results: 2023_10_15
PIS         35.38%
PO          30.70%
TD          14.40%
LEWICA       8.61%
KONFEDERAC   7.16%
Parsing file: poland__sejm__2019_10_13.csv
+ Kod TERYT
  Powiat
  Województwo
  Komisja otrzymała ka...
+ Liczba wyborców upra...
  Nie wykorzystano kar...
+ Liczba wyborców, któ...
  Liczba wyborców głos...
  Liczba wyborców głos...
  Liczba wyborców, któ...
  Liczba otrzymanych k...
  Liczba kopert zwrotn...
  Liczba kopert zwrotn...
  Liczba kopert zwrotn...
  Liczba kopert zwrotn...
  Liczba kopert na kar...
  Liczba kart wyjętych...
  W tym liczba kart wy...
  Liczba kart nieważny...
  Liczba kart ważnych
  Liczba głosów nieważ...
  W tym z powodu posta...
  W tym z powodu niepo...
  W tym z powodu posta...
  Liczba głosów ważnyc...
+ KOALICYJNY KOMITET W...
+ KOMITET WYBORCZY AKC...
+ KOMITET WYBORCZY KON...
+ KOMITET WYBORCZY POL...
+ KOMITET WYBORCZY PRA...
+ KOMITET WYBORCZY PRA...
+ KOMITET WYBORCZY SKU...
+ KOMITET WYBORCZY SOJ...
+ KOMITET WYBORCZY WYB...
+ KOMITET WYBORCZY WYB...
Check results: 2019_10_13
PIS         43.59%
PO          27.40%
SLD         12.56%
PSL          8.55%
KONFEDERAC   6.81%
Parsing file: poland__sejm__2005_09_25.csv
  Nr okręgu
+ TERYT
  Powiat
+ Uprawnieni do głosow...
+ Karty wydane (frekwe...
  Karty ważne (głosy o...
  Głosy nieważne
  Głosy ważne
+ 1 - Ruch Patriotyczn...
+ 2 - Polska Partia Pr...
+ 3 - Liga Polskich Ro...
+ 4 - Partia Demokraty...
+ 5 - Socjaldemokracja...
+ 6 - Prawo i Sprawied...
+ 7 - Sojusz Lewicy De...
+ 8 - Platforma Obywat...
+ 9 - Polska Partia Na...
+ 10 - Polskie Stronni...
+ 11 - Centrum
+ 12 - Platforma Janus...
+ 13 - Ogólnopolska Ko...
+ 14 - Polska Konfeder...
+ 15 - Samoobrona RP
+ 16 - Inicjatywa RP
+ 17 - Dom Ojczysty
+ 18 - Narodowe Odrodz...
+ 19 - Stronnictwo Pra...
+ 19 - Społeczni Ratow...
+ 19 - Mniejszość Niem...
+ 19 - Mniejszość Niem...
Check results: 2005_09_25
PIS         26.99%
PO          24.14%
SAMOOBRONA  11.41%
SLD         11.31%
LPR          7.97%
PSL          6.96%
SD           3.89%
PD           2.45%
Parsing file: poland__sejm__2011_10_09.csv
  Okręg
+ TERYT
  Powiat
  Liczba obwodów
+ Liczba uprawnionych ...
  Liczba wysłanych pak...
+ Liczba kart wydanych
  Liczba osób głosując...
  Liczba oddanych kart
  Karty wyjęte z koper...
  Karty nieważne
  Karty ważne
  Głosy nieważne
  Głosy ważne
  Liczba zaświadczeń
  Liczba kopert zwrotn...
  Liczba kopert bez oś...
  Liczba kopert z niep...
  Liczba kopert zwrotn...
  Liczba niezaklejonyc...
  Liczba kopert zwrotn...
+ Komitet Wyborczy Nas...
+ Komitet Wyborczy Now...
+ Komitet Wyborczy Pla...
+ Komitet Wyborczy Pol...
+ Komitet Wyborczy Pol...
+ Komitet Wyborczy Pol...
+ Komitet Wyborczy Pra...
+ Komitet Wyborczy Pra...
+ Komitet Wyborczy Ruc...
+ Komitet Wyborczy Soj...
+ Komitet Wyborczy Wyb...
Check results: 2011_10_09
PO          39.18%
PIS         29.89%
RP          10.02%
PSL          8.36%
SLD          8.24%
PJN          2.19%
Parsing file: poland__sejm__2001_09_23.csv
  Nr okr.
+ TERYT
  Powiat
+ L. upr.
+ Frekw.
  Gł. odd.
  Ważne
+ 1 - SLD-UP
+ 2 - AWSP
+ 3 - UW
+ 4 - Samoobrona
+ 5 - "PiS"
+ 6 - PSL
+ 7 - PO
+ 8 - ARS
+ 9 - PWN
+ 10 - LPR
+ 11 - MnN
+ 13 - PUG
+ 14 - PPS
+ 15 - NMnGŚl
Check results: 2001_09_23
SLDUP       41.04%
PO          12.68%
SAMOOBRONA  10.20%
PIS          9.50%
PSL          8.98%
LPR          7.87%
AWSP         5.60%
UW           3.10%
Parsing file: poland__sejm__2015_10_25.csv
  Nr okr.
+ TERYT
  Powiat
  L. obw.
+ Liczba wyborców
  Otrzymane karty
  Niewykorzystane kart...
+ Wydane karty
  Liczba wyborców głos...
  Liczba wyborców głos...
  Pakiety wyborcze
  Koperty zwrotne
  Koperty  bez oświadc...
  Niepodpisane oświadc...
  Koperty zwrotne bez ...
  Niezaklejona koperta...
  Koperty na kartę do ...
  Karty wyjęte z urny
  Karty wyjęte z koper...
  Karty nieważne
  Karty ważne
  Głosy nieważne
  w tym: z powodu post...
  w tym: z powodu niep...
  w tym: z powodu post...
  Głosy ważne
+ 1 - Komitet Wyborczy...
+ 2 - Komitet Wyborczy...
+ 3 - Komitet Wyborczy...
+ 4 - Komitet Wyborczy...
+ 5 - Komitet Wyborczy...
+ 6 - Koalicyjny Komit...
+ 7 - Komitet Wyborczy...
+ 8 - Komitet Wyborczy...
+ 9 - Komitet Wyborczy...
+ 10 - Komitet Wyborcz...
+ 11 - Komitet Wyborcz...
+ 12 - Komitet Wyborcz...
+ 13 - Komitet Wyborcz...
+ 14 - Komitet Wyborcz...
+ 15 - Komitet Wyborcz...
+ 16 - Komitet Wyborcz...
+ 16 - Komitet Wyborcz...
Check results: 2015_10_25
PIS         37.58%
PO          24.09%
KUKIZ        8.81%
NOWOCZESNA   7.60%
LEWICA       7.55%
PSL          5.13%
KORWIN       4.76%
RAZEM        3.62%
Parsing file: poland__sejm__2007_10_21.csv
  Okręg
+ Kod pow.
  Powiat
+ Upr.
+ Frekw.
  Odd.
  Ważne
+ 2 - Polska Partia Pr...
+ 3 - Liga Polskich Ro...
+ 6 - Prawo i Sprawied...
+ 8 - Platforma Obywat...
+ 10 - Polskie Stronni...
+ 15 - Samoobrona
+ 19 - Mniejszość Niem...
+ 20 - Lewica i Demokr...
+ 21 - Patia Kobiet
+ 22 - Samoobrona Patr...
Check results: 2007_10_21
PO          41.51%
PIS         32.11%
LID         13.15%
PSL          8.91%
